2026-05-17 17:47:01.728  4562-4562  nativeloader            com.rpeters.cinefintv                D  Load libframework-connectivity-tiramisu-jni.so using APEX ns com_android_tethering for caller /apex/com.android.tethering/javalib/framework-connectivity-t.jar: ok
2026-05-17 17:47:01.762  4562-4562  re-initialized>         com.rpeters.cinefintv                W  type=1400 audit(0.0:84): avc:  granted  { execute } for  path="/data/data/com.rpeters.cinefintv/code_cache/startup_agents/c52d6b25-agent.so" dev="dm-52" ino=353378 scontext=u:r:untrusted_app:s0:c93,c256,c512,c768 tcontext=u:object_r:app_data_file:s0:c93,c256,c512,c768 tclass=file app=com.rpeters.cinefintv
2026-05-17 17:47:01.771  4562-4562  nativeloader            com.rpeters.cinefintv                D  Load /data/user/0/com.rpeters.cinefintv/code_cache/startup_agents/c52d6b25-agent.so using system ns (caller=<unknown>): ok
2026-05-17 17:47:01.778  4562-4562  eters.cinefintv         com.rpeters.cinefintv                W  hiddenapi: DexFile /data/data/com.rpeters.cinefintv/code_cache/.studio/instruments-9dbd448e.jar is in boot class path but is not in a known location
2026-05-17 17:47:01.890  4562-4562  eters.cinefintv         com.rpeters.cinefintv                W  Redefining intrinsic method java.lang.Thread java.lang.Thread.currentThread(). This may cause the unexpected use of the original definition of java.lang.Thread java.lang.Thread.currentThread()in methods that have already been compiled.
2026-05-17 17:47:01.890  4562-4562  eters.cinefintv         com.rpeters.cinefintv                W  Redefining intrinsic method boolean java.lang.Thread.interrupted(). This may cause the unexpected use of the original definition of boolean java.lang.Thread.interrupted()in methods that have already been compiled.
2026-05-17 17:47:02.360  4562-4562  nativeloader            com.rpeters.cinefintv                D  Configuring clns-7 for other apk /data/app/~~NoUD9oxqyxkSOGpCSnrt-A==/com.rpeters.cinefintv-1X68q4bBIsdD2soEspK0xQ==/base.apk. target_sdk_version=35, uses_libraries=, library_path=/data/app/~~NoUD9oxqyxkSOGpCSnrt-A==/com.rpeters.cinefintv-1X68q4bBIsdD2soEspK0xQ==/lib/x86:/data/app/~~NoUD9oxqyxkSOGpCSnrt-A==/com.rpeters.cinefintv-1X68q4bBIsdD2soEspK0xQ==/base.apk!/lib/x86, permitted_path=/data:/mnt/expand:/data/user/0/com.rpeters.cinefintv
2026-05-17 17:47:02.365  4562-4562  CompatChangeReporter    com.rpeters.cinefintv                D  Compat change id reported: 202956589; UID 10093; state: ENABLED
2026-05-17 17:47:02.368  4562-4562  eters.cinefintv         com.rpeters.cinefintv                I  AssetManager2(0xf57c2ad4) locale list changing from [] to [en-US]
2026-05-17 17:47:02.370  4562-4562  eters.cinefintv         com.rpeters.cinefintv                I  AssetManager2(0xf57c3a94) locale list changing from [] to [en-US]
2026-05-17 17:47:02.375  4562-4562  GraphicsEnvironment     com.rpeters.cinefintv                V  Currently set values for:
2026-05-17 17:47:02.375  4562-4562  GraphicsEnvironment     com.rpeters.cinefintv                V    angle_gl_driver_selection_pkgs=[]
2026-05-17 17:47:02.375  4562-4562  GraphicsEnvironment     com.rpeters.cinefintv                V    angle_gl_driver_selection_values=[]
2026-05-17 17:47:02.375  4562-4562  GraphicsEnvironment     com.rpeters.cinefintv                V  com.rpeters.cinefintv is not listed in per-application setting
2026-05-17 17:47:02.375  4562-4562  GraphicsEnvironment     com.rpeters.cinefintv                V  ANGLE allowlist from config: 
2026-05-17 17:47:02.375  4562-4562  GraphicsEnvironment     com.rpeters.cinefintv                V  com.rpeters.cinefintv is not listed in ANGLE allowlist or settings, returning default
2026-05-17 17:47:02.375  4562-4562  GraphicsEnvironment     com.rpeters.cinefintv                V  Neither updatable production driver nor prerelease driver is supported.
2026-05-17 17:47:02.452  4562-4562  FirebaseSessions        com.rpeters.cinefintv                D  Dependency to CRASHLYTICS added.
2026-05-17 17:47:02.460  4562-4562  FirebaseApp             com.rpeters.cinefintv                I  Device unlocked: initializing all Firebase APIs for app [DEFAULT]
2026-05-17 17:47:02.479  4562-4562  FirebaseCrashlytics     com.rpeters.cinefintv                I  Initializing Firebase Crashlytics 20.0.6 for com.rpeters.cinefintv
2026-05-17 17:47:02.514  4562-4562  FirebaseSessions        com.rpeters.cinefintv                D  Subscriber CRASHLYTICS registered.
2026-05-17 17:47:02.597  4562-4581  ashmem                  com.rpeters.cinefintv                E  Pinning is deprecated since Android Q. Please use trim or other methods.
2026-05-17 17:47:02.607  4562-4581  CompatChangeReporter    com.rpeters.cinefintv                D  Compat change id reported: 311402873; UID 10093; state: ENABLED
2026-05-17 17:47:02.608  4562-4581  CompatChangeReporter    com.rpeters.cinefintv                D  Compat change id reported: 323349338; UID 10093; state: ENABLED
2026-05-17 17:47:02.651  4562-4586  FirebaseCrashlytics     com.rpeters.cinefintv                I  Saved version control info
2026-05-17 17:47:02.744  4562-4562  nativeloader            com.rpeters.cinefintv                D  Load /data/app/~~NoUD9oxqyxkSOGpCSnrt-A==/com.rpeters.cinefintv-1X68q4bBIsdD2soEspK0xQ==/base.apk!/lib/x86/libdatastore_shared_counter.so using class loader ns clns-7 (caller=/data/app/~~NoUD9oxqyxkSOGpCSnrt-A==/com.rpeters.cinefintv-1X68q4bBIsdD2soEspK0xQ==/base.apk!classes21.dex): ok
2026-05-17 17:47:02.778  4562-4578  CompatChangeReporter    com.rpeters.cinefintv                D  Compat change id reported: 312399441; UID 10093; state: ENABLED
2026-05-17 17:47:02.790  4562-4562  FirebaseSessions        com.rpeters.cinefintv                D  Initializing Firebase Sessions 3.0.6.
2026-05-17 17:47:02.791  4562-4562  FirebaseInitProvider    com.rpeters.cinefintv                I  FirebaseApp initialization successful
2026-05-17 17:47:02.806  4562-4562  CompatChangeReporter    com.rpeters.cinefintv                D  Compat change id reported: 279646685; UID 10093; state: ENABLED
2026-05-17 17:47:02.843  4562-4583  FirebaseSessions        com.rpeters.cinefintv                D  Notified CRASHLYTICS of new session 0582cd94d5064485a44f0d157b90179c
2026-05-17 17:47:02.947  4562-4562  AppStartup              com.rpeters.cinefintv                D  Application onCreate
2026-05-17 17:47:02.949  4562-4588  AppStartup              com.rpeters.cinefintv                D  Remote config fetch start
2026-05-17 17:47:02.949  4562-4590  AppStartup              com.rpeters.cinefintv                D  Session restore start
2026-05-17 17:47:02.961  4562-4592  DisplayManager          com.rpeters.cinefintv                I  Choreographer implicitly registered for the refresh rate.
2026-05-17 17:47:02.965  4562-4562  eters.cinefintv         com.rpeters.cinefintv                I  AssetManager2(0xf57c6e54) locale list changing from [] to [en-US]
2026-05-17 17:47:02.973  4562-4590  SecureCredentialManager com.rpeters.cinefintv                D  Using existing key alias: JellyfinCredentialKey_v1
2026-05-17 17:47:03.009  4562-4592  EGL_emulation           com.rpeters.cinefintv                I  Opening libGLESv1_CM_emulation.so
2026-05-17 17:47:03.011  4562-4592  EGL_emulation           com.rpeters.cinefintv                I  Opening libGLESv2_emulation.so
2026-05-17 17:47:03.020  4562-4592  HWUI                    com.rpeters.cinefintv                W  Failed to choose config with EGL_SWAP_BEHAVIOR_PRESERVED, retrying without...
2026-05-17 17:47:03.021  4562-4592  HWUI                    com.rpeters.cinefintv                W  Failed to initialize 101010-2 format, error = EGL_SUCCESS
2026-05-17 17:47:03.064  4562-4590  OkHttpClient            com.rpeters.cinefintv                I  GET https://rpeters1428.huron.usbx.me/jellyfin/System/Info/Public
2026-05-17 17:47:03.311  4562-4562  AppStartup              com.rpeters.cinefintv                D  MainActivity onCreate: savedInstanceState=false
2026-05-17 17:47:03.325  4562-4562  CompatChangeReporter    com.rpeters.cinefintv                D  Compat change id reported: 309578419; UID 10093; state: ENABLED
2026-05-17 17:47:03.327  4562-4562  DesktopModeFlags        com.rpeters.cinefintv                D  Toggle override initialized to: OVERRIDE_UNSET
2026-05-17 17:47:03.372  4562-4562  FirebaseSessions        com.rpeters.cinefintv                D  App foregrounded on com.rpeters.cinefintv
2026-05-17 17:47:03.373  4562-4562  FirebaseSessions        com.rpeters.cinefintv                D  Session 0582cd94d5064485a44f0d157b90179c has not backgrounded yet
2026-05-17 17:47:03.373  4562-4562  FirebaseSessions        com.rpeters.cinefintv                D  Process com.rpeters.cinefintv is stale
2026-05-17 17:47:03.379  4562-4586  FirebaseSessions        com.rpeters.cinefintv                D  Session 0582cd94d5064485a44f0d157b90179c has not backgrounded yet
2026-05-17 17:47:03.381  4562-4586  FirebaseSessions        com.rpeters.cinefintv                D  Cold app start detected
2026-05-17 17:47:03.381  4562-4586  FirebaseSessions        com.rpeters.cinefintv                D  Process com.rpeters.cinefintv is stale
2026-05-17 17:47:03.383  4562-4562  CompatChangeReporter    com.rpeters.cinefintv                D  Compat change id reported: 352594277; UID 10093; state: ENABLED
2026-05-17 17:47:03.396  4562-4562  CompatChangeReporter    com.rpeters.cinefintv                D  Compat change id reported: 349153669; UID 10093; state: ENABLED
2026-05-17 17:47:03.403  4562-4586  FirebaseSessions        com.rpeters.cinefintv                D  Session Event Type: SESSION_START
2026-05-17 17:47:03.404  4562-4562  HWUI                    com.rpeters.cinefintv                W  Unknown dataspace 0
2026-05-17 17:47:03.416  4562-4586  FirebaseSessions        com.rpeters.cinefintv                D  Successfully logged Session Start event.
2026-05-17 17:47:03.427  4562-4588  AppStartup              com.rpeters.cinefintv                D  Remote config fetch complete
2026-05-17 17:47:03.466  4562-4582  FirebaseSessions        com.rpeters.cinefintv                D  Notified CRASHLYTICS of new session ac4918cdae694631956a6927e4404d48
2026-05-17 17:47:03.620  4562-4588  JellyfinAuthRepository  com.rpeters.cinefintv                D  validateOrRecoverRestoredSession: token still valid
2026-05-17 17:47:03.623  4562-4588  JellyfinAuthRepository  com.rpeters.cinefintv                D  tryRestoreSession: Restored validated session for https://rpeters1428.huron.usbx.me/jellyfin
2026-05-17 17:47:03.625  4562-4588  AppStartup              com.rpeters.cinefintv                D  Session restore complete: restored=true currentServerPresent=true isConnected=true
2026-05-17 17:47:03.819  4562-4562  eters.cinefintv         com.rpeters.cinefintv                I  hiddenapi: Accessing hidden method Landroid/os/SystemProperties;->addChangeCallback(Ljava/lang/Runnable;)V (runtime_flags=0, domain=platform, api=unsupported) from Landroidx/compose/ui/platform/AndroidComposeView$Companion; (domain=app) using reflection: allowed
2026-05-17 17:47:04.269  4562-4562  HomeStartup             com.rpeters.cinefintv                D  HomeViewModel init: state=Loading
2026-05-17 17:47:04.271  4562-4588  HomeStartup             com.rpeters.cinefintv                D  Cache load start
2026-05-17 17:47:04.271  4562-4562  HomeStartup             com.rpeters.cinefintv                D  Subscribing to currentServer; restored=true
2026-05-17 17:47:04.272  4562-4562  HomeStartup             com.rpeters.cinefintv                D  currentServer emission: server=present(urlHash=-427598321, userIdPresent=true, tokenPresent=true) restored=true ui=Loading
2026-05-17 17:47:04.272  4562-4562  HomeStartup             com.rpeters.cinefintv                D  Server available; starting cold refresh
2026-05-17 17:47:04.272  4562-4562  HomeStartup             com.rpeters.cinefintv                D  refresh#1 requested: silent=true forceRefresh=true ui=Loading server=present(urlHash=-427598321, userIdPresent=true, tokenPresent=true)
2026-05-17 17:47:04.275  4562-4588  HomeStartup             com.rpeters.cinefintv                D  Cache libraries returned: count=0
2026-05-17 17:47:04.276  4562-4588  HomeStartup             com.rpeters.cinefintv                D  No cached libraries to publish
2026-05-17 17:47:04.276  4562-4562  HomeStartup             com.rpeters.cinefintv                D  refresh#1 acquired mutex after 0ms
2026-05-17 17:47:04.276  4562-4562  HomeStartup             com.rpeters.cinefintv                D  refresh#1 set Loading; silent=true hasContent=false
2026-05-17 17:47:04.282  4562-4562  HomeStartup             com.rpeters.cinefintv                D  refresh#1 libraries fetch start
2026-05-17 17:47:04.283  4562-4562  HomeRepository          com.rpeters.cinefintv                D  getUserLibraries start: forceRefresh=true
2026-05-17 17:47:04.284  4562-4562  HomeStartup             com.rpeters.cinefintv                D  refresh#1 continueWatching fetch start
2026-05-17 17:47:04.284  4562-4562  HomeRepository          com.rpeters.cinefintv                D  getContinueWatching start: limit=24 forceRefresh=true
2026-05-17 17:47:04.285  4562-4611  OptimizedClientFactory  com.rpeters.cinefintv                D  Creating new optimized client for: https://rpeters1428.huron.usbx.me/jellyfin
2026-05-17 17:47:04.286  4562-4562  HomeStartup             com.rpeters.cinefintv                D  refresh#1 nextUp fetch start
2026-05-17 17:47:04.287  4562-4562  HomeRepository          com.rpeters.cinefintv                D  getNextUp start: limit=12 forceRefresh=true
2026-05-17 17:47:04.287  4562-4611  RepositoryUtils         com.rpeters.cinefintv                D  [VERBOSE] validateServer: Server validation passed for user rpeters1428 on https://rpeters1428.huron.usbx.me/jellyfin
2026-05-17 17:47:04.288  4562-4611  HomeRepository          com.rpeters.cinefintv                D  getUserLibraries sdk request start
2026-05-17 17:47:04.289  4562-4562  HomeStartup             com.rpeters.cinefintv                D  refresh#1 movies fetch start
2026-05-17 17:47:04.289  4562-4588  RepositoryUtils         com.rpeters.cinefintv                D  [VERBOSE] validateServer: Server validation passed for user rpeters1428 on https://rpeters1428.huron.usbx.me/jellyfin
2026-05-17 17:47:04.289  4562-4588  HomeRepository          com.rpeters.cinefintv                D  getNextUp sdk request start
2026-05-17 17:47:04.290  4562-4562  HomeRepository          com.rpeters.cinefintv                D  getRecentlyAddedByType start: type=Movie limit=12 forceRefresh=true
2026-05-17 17:47:04.292  4562-4589  RepositoryUtils         com.rpeters.cinefintv                D  [VERBOSE] validateServer: Server validation passed for user rpeters1428 on https://rpeters1428.huron.usbx.me/jellyfin
2026-05-17 17:47:04.292  4562-4589  HomeRepository          com.rpeters.cinefintv                D  getRecentlyAddedByType sdk request start: type=Movie
2026-05-17 17:47:04.293  4562-4562  HomeStartup             com.rpeters.cinefintv                D  refresh#1 episodes fetch start
2026-05-17 17:47:04.297  4562-4612  RepositoryUtils         com.rpeters.cinefintv                D  [VERBOSE] validateServer: Server validation passed for user rpeters1428 on https://rpeters1428.huron.usbx.me/jellyfin
2026-05-17 17:47:04.297  4562-4612  HomeRepository          com.rpeters.cinefintv                D  getContinueWatching sdk request start
2026-05-17 17:47:04.297  4562-4562  HomeRepository          com.rpeters.cinefintv                D  getRecentlyAddedByType start: type=Episode limit=12 forceRefresh=true
2026-05-17 17:47:04.298  4562-4562  HomeStartup             com.rpeters.cinefintv                D  refresh#1 videos fetch start
2026-05-17 17:47:04.299  4562-4562  HomeRepository          com.rpeters.cinefintv                D  getRecentlyAddedByType start: type=Video limit=12 forceRefresh=true
2026-05-17 17:47:04.300  4562-4609  RepositoryUtils         com.rpeters.cinefintv                D  [VERBOSE] validateServer: Server validation passed for user rpeters1428 on https://rpeters1428.huron.usbx.me/jellyfin
2026-05-17 17:47:04.300  4562-4609  HomeRepository          com.rpeters.cinefintv                D  getRecentlyAddedByType sdk request start: type=Episode
2026-05-17 17:47:04.300  4562-4562  HomeStartup             com.rpeters.cinefintv                D  refresh#1 music fetch start
2026-05-17 17:47:04.301  4562-4562  HomeRepository          com.rpeters.cinefintv                D  getRecentlyAddedByType start: type=Audio limit=12 forceRefresh=true
2026-05-17 17:47:04.301  4562-4590  RepositoryUtils         com.rpeters.cinefintv                D  [VERBOSE] validateServer: Server validation passed for user rpeters1428 on https://rpeters1428.huron.usbx.me/jellyfin
2026-05-17 17:47:04.301  4562-4590  HomeRepository          com.rpeters.cinefintv                D  getRecentlyAddedByType sdk request start: type=Video
2026-05-17 17:47:04.303  4562-4562  HomeStartup             com.rpeters.cinefintv                D  isSessionRestored emission: restored=true server=present(urlHash=-427598321, userIdPresent=true, tokenPresent=true) ui=Loading
2026-05-17 17:47:04.305  4562-4614  RepositoryUtils         com.rpeters.cinefintv                D  [VERBOSE] validateServer: Server validation passed for user rpeters1428 on https://rpeters1428.huron.usbx.me/jellyfin
2026-05-17 17:47:04.309  4562-4614  HomeRepository          com.rpeters.cinefintv                D  getRecentlyAddedByType sdk request start: type=Audio
2026-05-17 17:47:04.309  4562-4611  OkHttpClient            com.rpeters.cinefintv                I  GET https://rpeters1428.huron.usbx.me/jellyfin/Items?userId=c1b3b2bb-8e62-45b6-a7c4-f6645be8423a&includeItemTypes=CollectionFolder&includeItemTypes=UserView&enableTotalRecordCount=true&enableImages=true
2026-05-17 17:47:04.310  4562-4589  OkHttpClient            com.rpeters.cinefintv                I  GET https://rpeters1428.huron.usbx.me/jellyfin/Items?userId=c1b3b2bb-8e62-45b6-a7c4-f6645be8423a&limit=12&recursive=true&sortOrder=Descending&includeItemTypes=Movie&sortBy=DateCreated&enableTotalRecordCount=true&enableImages=true
2026-05-17 17:47:04.310  4562-4609  OkHttpClient            com.rpeters.cinefintv                I  GET https://rpeters1428.huron.usbx.me/jellyfin/Items?userId=c1b3b2bb-8e62-45b6-a7c4-f6645be8423a&limit=12&recursive=true&sortOrder=Descending&includeItemTypes=Episode&sortBy=DateCreated&enableTotalRecordCount=true&enableImages=true
2026-05-17 17:47:04.310  4562-4590  OkHttpClient            com.rpeters.cinefintv                I  GET https://rpeters1428.huron.usbx.me/jellyfin/Items?userId=c1b3b2bb-8e62-45b6-a7c4-f6645be8423a&limit=12&recursive=true&sortOrder=Descending&includeItemTypes=Video&sortBy=DateCreated&enableTotalRecordCount=true&enableImages=true
2026-05-17 17:47:04.310  4562-4612  OkHttpClient            com.rpeters.cinefintv                I  GET https://rpeters1428.huron.usbx.me/jellyfin/Items?userId=c1b3b2bb-8e62-45b6-a7c4-f6645be8423a&limit=24&recursive=true&sortOrder=Descending&includeItemTypes=Movie&includeItemTypes=Episode&includeItemTypes=Video&filters=IsResumable&sortBy=DatePlayed&enableTotalRecordCount=true&enableImages=true
2026-05-17 17:47:04.311  4562-4588  OkHttpClient            com.rpeters.cinefintv                I  GET https://rpeters1428.huron.usbx.me/jellyfin/Shows/NextUp?userId=c1b3b2bb-8e62-45b6-a7c4-f6645be8423a&limit=12&fields=MediaSources&fields=Overview&enableUserData=true&enableTotalRecordCount=true&enableResumable=true&enableRewatching=false
2026-05-17 17:47:04.324  4562-4614  OkHttpClient            com.rpeters.cinefintv                I  GET https://rpeters1428.huron.usbx.me/jellyfin/Items?userId=c1b3b2bb-8e62-45b6-a7c4-f6645be8423a&limit=12&recursive=true&sortOrder=Descending&includeItemTypes=Audio&sortBy=DateCreated&enableTotalRecordCount=true&enableImages=true
2026-05-17 17:47:04.466  4562-4614  HomeRepository          com.rpeters.cinefintv                D  getRecentlyAddedByType sdk response: type=Video count=12 in 165ms
2026-05-17 17:47:04.466  4562-4614  HomeRepository          com.rpeters.cinefintv                D  getRecentlyAddedByType no cache configured: type=Video
2026-05-17 17:47:04.466  4562-4614  HomeRepository          com.rpeters.cinefintv                D  getRecentlyAddedByType complete: type=Video in 167ms
2026-05-17 17:47:04.481  4562-4610  JellyfinCache           com.rpeters.cinefintv                D  Disk cache hit for key: recently_added_episodes
2026-05-17 17:47:04.482  4562-4610  HomeStartup             com.rpeters.cinefintv                D  Cache load complete in 211ms: libraries=0 continue=0 nextUp=0 movies=0 episodes=12
2026-05-17 17:47:04.491  4562-4610  RepositoryUtils         com.rpeters.cinefintv                D  [VERBOSE] validateServer: Server validation passed for user rpeters1428 on https://rpeters1428.huron.usbx.me/jellyfin
2026-05-17 17:47:04.492  4562-4610  RepositoryUtils         com.rpeters.cinefintv                D  [VERBOSE] validateServer: Server validation passed for user rpeters1428 on https://rpeters1428.huron.usbx.me/jellyfin
2026-05-17 17:47:04.492  4562-4610  RepositoryUtils         com.rpeters.cinefintv                D  [VERBOSE] validateServer: Server validation passed for user rpeters1428 on https://rpeters1428.huron.usbx.me/jellyfin
2026-05-17 17:47:04.493  4562-4610  RepositoryUtils         com.rpeters.cinefintv                D  [VERBOSE] validateServer: Server validation passed for user rpeters1428 on https://rpeters1428.huron.usbx.me/jellyfin
2026-05-17 17:47:04.495  4562-4610  RepositoryUtils         com.rpeters.cinefintv                D  [VERBOSE] validateServer: Server validation passed for user rpeters1428 on https://rpeters1428.huron.usbx.me/jellyfin
2026-05-17 17:47:04.495  4562-4610  RepositoryUtils         com.rpeters.cinefintv                D  [VERBOSE] validateServer: Server validation passed for user rpeters1428 on https://rpeters1428.huron.usbx.me/jellyfin
2026-05-17 17:47:04.496  4562-4610  RepositoryUtils         com.rpeters.cinefintv                D  [VERBOSE] validateServer: Server validation passed for user rpeters1428 on https://rpeters1428.huron.usbx.me/jellyfin
2026-05-17 17:47:04.497  4562-4610  RepositoryUtils         com.rpeters.cinefintv                D  [VERBOSE] validateServer: Server validation passed for user rpeters1428 on https://rpeters1428.huron.usbx.me/jellyfin
2026-05-17 17:47:04.498  4562-4610  RepositoryUtils         com.rpeters.cinefintv                D  [VERBOSE] validateServer: Server validation passed for user rpeters1428 on https://rpeters1428.huron.usbx.me/jellyfin
2026-05-17 17:47:04.499  4562-4610  RepositoryUtils         com.rpeters.cinefintv                D  [VERBOSE] validateServer: Server validation passed for user rpeters1428 on https://rpeters1428.huron.usbx.me/jellyfin
2026-05-17 17:47:04.500  4562-4610  RepositoryUtils         com.rpeters.cinefintv                D  [VERBOSE] validateServer: Server validation passed for user rpeters1428 on https://rpeters1428.huron.usbx.me/jellyfin
2026-05-17 17:47:04.501  4562-4610  RepositoryUtils         com.rpeters.cinefintv                D  [VERBOSE] validateServer: Server validation passed for user rpeters1428 on https://rpeters1428.huron.usbx.me/jellyfin
2026-05-17 17:47:04.501  4562-4610  RepositoryUtils         com.rpeters.cinefintv                D  [VERBOSE] validateServer: Server validation passed for user rpeters1428 on https://rpeters1428.huron.usbx.me/jellyfin
2026-05-17 17:47:04.502  4562-4610  RepositoryUtils         com.rpeters.cinefintv                D  [VERBOSE] validateServer: Server validation passed for user rpeters1428 on https://rpeters1428.huron.usbx.me/jellyfin
2026-05-17 17:47:04.502  4562-4610  RepositoryUtils         com.rpeters.cinefintv                D  [VERBOSE] validateServer: Server validation passed for user rpeters1428 on https://rpeters1428.huron.usbx.me/jellyfin
2026-05-17 17:47:04.502  4562-4610  RepositoryUtils         com.rpeters.cinefintv                D  [VERBOSE] validateServer: Server validation passed for user rpeters1428 on https://rpeters1428.huron.usbx.me/jellyfin
2026-05-17 17:47:04.502  4562-4610  RepositoryUtils         com.rpeters.cinefintv                D  [VERBOSE] validateServer: Server validation passed for user rpeters1428 on https://rpeters1428.huron.usbx.me/jellyfin
2026-05-17 17:47:04.503  4562-4610  RepositoryUtils         com.rpeters.cinefintv                D  [VERBOSE] validateServer: Server validation passed for user rpeters1428 on https://rpeters1428.huron.usbx.me/jellyfin
2026-05-17 17:47:04.503  4562-4610  RepositoryUtils         com.rpeters.cinefintv                D  [VERBOSE] validateServer: Server validation passed for user rpeters1428 on https://rpeters1428.huron.usbx.me/jellyfin
2026-05-17 17:47:04.503  4562-4610  RepositoryUtils         com.rpeters.cinefintv                D  [VERBOSE] validateServer: Server validation passed for user rpeters1428 on https://rpeters1428.huron.usbx.me/jellyfin
2026-05-17 17:47:04.504  4562-4610  RepositoryUtils         com.rpeters.cinefintv                D  [VERBOSE] validateServer: Server validation passed for user rpeters1428 on https://rpeters1428.huron.usbx.me/jellyfin
2026-05-17 17:47:04.504  4562-4610  RepositoryUtils         com.rpeters.cinefintv                D  [VERBOSE] validateServer: Server validation passed for user rpeters1428 on https://rpeters1428.huron.usbx.me/jellyfin
2026-05-17 17:47:04.505  4562-4610  RepositoryUtils         com.rpeters.cinefintv                D  [VERBOSE] validateServer: Server validation passed for user rpeters1428 on https://rpeters1428.huron.usbx.me/jellyfin
2026-05-17 17:47:04.505  4562-4610  RepositoryUtils         com.rpeters.cinefintv                D  [VERBOSE] validateServer: Server validation passed for user rpeters1428 on https://rpeters1428.huron.usbx.me/jellyfin
2026-05-17 17:47:04.505  4562-4610  RepositoryUtils         com.rpeters.cinefintv                D  [VERBOSE] validateServer: Server validation passed for user rpeters1428 on https://rpeters1428.huron.usbx.me/jellyfin
2026-05-17 17:47:04.506  4562-4610  RepositoryUtils         com.rpeters.cinefintv                D  [VERBOSE] validateServer: Server validation passed for user rpeters1428 on https://rpeters1428.huron.usbx.me/jellyfin
2026-05-17 17:47:04.506  4562-4610  RepositoryUtils         com.rpeters.cinefintv                D  [VERBOSE] validateServer: Server validation passed for user rpeters1428 on https://rpeters1428.huron.usbx.me/jellyfin
2026-05-17 17:47:04.506  4562-4610  RepositoryUtils         com.rpeters.cinefintv                D  [VERBOSE] validateServer: Server validation passed for user rpeters1428 on https://rpeters1428.huron.usbx.me/jellyfin
2026-05-17 17:47:04.506  4562-4610  RepositoryUtils         com.rpeters.cinefintv                D  [VERBOSE] validateServer: Server validation passed for user rpeters1428 on https://rpeters1428.huron.usbx.me/jellyfin
2026-05-17 17:47:04.507  4562-4610  RepositoryUtils         com.rpeters.cinefintv                D  [VERBOSE] validateServer: Server validation passed for user rpeters1428 on https://rpeters1428.huron.usbx.me/jellyfin
2026-05-17 17:47:04.507  4562-4610  RepositoryUtils         com.rpeters.cinefintv                D  [VERBOSE] validateServer: Server validation passed for user rpeters1428 on https://rpeters1428.huron.usbx.me/jellyfin
2026-05-17 17:47:04.507  4562-4610  RepositoryUtils         com.rpeters.cinefintv                D  [VERBOSE] validateServer: Server validation passed for user rpeters1428 on https://rpeters1428.huron.usbx.me/jellyfin
2026-05-17 17:47:04.507  4562-4610  RepositoryUtils         com.rpeters.cinefintv                D  [VERBOSE] validateServer: Server validation passed for user rpeters1428 on https://rpeters1428.huron.usbx.me/jellyfin
2026-05-17 17:47:04.508  4562-4610  RepositoryUtils         com.rpeters.cinefintv                D  [VERBOSE] validateServer: Server validation passed for user rpeters1428 on https://rpeters1428.huron.usbx.me/jellyfin
2026-05-17 17:47:04.508  4562-4610  RepositoryUtils         com.rpeters.cinefintv                D  [VERBOSE] validateServer: Server validation passed for user rpeters1428 on https://rpeters1428.huron.usbx.me/jellyfin
2026-05-17 17:47:04.508  4562-4610  RepositoryUtils         com.rpeters.cinefintv                D  [VERBOSE] validateServer: Server validation passed for user rpeters1428 on https://rpeters1428.huron.usbx.me/jellyfin
2026-05-17 17:47:04.509  4562-4610  RepositoryUtils         com.rpeters.cinefintv                D  [VERBOSE] validateServer: Server validation passed for user rpeters1428 on https://rpeters1428.huron.usbx.me/jellyfin
2026-05-17 17:47:04.509  4562-4610  RepositoryUtils         com.rpeters.cinefintv                D  [VERBOSE] validateServer: Server validation passed for user rpeters1428 on https://rpeters1428.huron.usbx.me/jellyfin
2026-05-17 17:47:04.510  4562-4610  RepositoryUtils         com.rpeters.cinefintv                D  [VERBOSE] validateServer: Server validation passed for user rpeters1428 on https://rpeters1428.huron.usbx.me/jellyfin
2026-05-17 17:47:04.510  4562-4610  RepositoryUtils         com.rpeters.cinefintv                D  [VERBOSE] validateServer: Server validation passed for user rpeters1428 on https://rpeters1428.huron.usbx.me/jellyfin
2026-05-17 17:47:04.510  4562-4610  RepositoryUtils         com.rpeters.cinefintv                D  [VERBOSE] validateServer: Server validation passed for user rpeters1428 on https://rpeters1428.huron.usbx.me/jellyfin
2026-05-17 17:47:04.510  4562-4610  RepositoryUtils         com.rpeters.cinefintv                D  [VERBOSE] validateServer: Server validation passed for user rpeters1428 on https://rpeters1428.huron.usbx.me/jellyfin
2026-05-17 17:47:04.511  4562-4610  RepositoryUtils         com.rpeters.cinefintv                D  [VERBOSE] validateServer: Server validation passed for user rpeters1428 on https://rpeters1428.huron.usbx.me/jellyfin
2026-05-17 17:47:04.511  4562-4610  RepositoryUtils         com.rpeters.cinefintv                D  [VERBOSE] validateServer: Server validation passed for user rpeters1428 on https://rpeters1428.huron.usbx.me/jellyfin
2026-05-17 17:47:04.511  4562-4610  RepositoryUtils         com.rpeters.cinefintv                D  [VERBOSE] validateServer: Server validation passed for user rpeters1428 on https://rpeters1428.huron.usbx.me/jellyfin
2026-05-17 17:47:04.512  4562-4610  RepositoryUtils         com.rpeters.cinefintv                D  [VERBOSE] validateServer: Server validation passed for user rpeters1428 on https://rpeters1428.huron.usbx.me/jellyfin
2026-05-17 17:47:04.512  4562-4610  RepositoryUtils         com.rpeters.cinefintv                D  [VERBOSE] validateServer: Server validation passed for user rpeters1428 on https://rpeters1428.huron.usbx.me/jellyfin
2026-05-17 17:47:04.512  4562-4610  RepositoryUtils         com.rpeters.cinefintv                D  [VERBOSE] validateServer: Server validation passed for user rpeters1428 on https://rpeters1428.huron.usbx.me/jellyfin
2026-05-17 17:47:04.515  4562-4614  HomeStartup             com.rpeters.cinefintv                D  Publishing cached home sections: [RECENT_EPISODES:12]
2026-05-17 17:47:04.517  4562-4614  HomeStartup             com.rpeters.cinefintv                D  UI state updated from cache: Content(featured=0, sections=[RECENT_EPISODES:12])
2026-05-17 17:47:04.662  4562-4612  HomeRepository          com.rpeters.cinefintv                D  getUserLibraries sdk response: count=4 in 374ms
2026-05-17 17:47:04.664  4562-4612  HomeRepository          com.rpeters.cinefintv                D  getUserLibraries cache write start: count=4
2026-05-17 17:47:04.695  4562-4614  HomeRepository          com.rpeters.cinefintv                D  getRecentlyAddedByType sdk response: type=Movie count=12 in 404ms
2026-05-17 17:47:04.695  4562-4614  HomeRepository          com.rpeters.cinefintv                D  getRecentlyAddedByType cache write start: type=Movie count=12
2026-05-17 17:47:04.697  4562-4612  JellyfinCache           com.rpeters.cinefintv                D  Cached 4 items with key: libraries
2026-05-17 17:47:04.700  4562-4612  HomeRepository          com.rpeters.cinefintv                D  getUserLibraries cache write complete in 35ms
2026-05-17 17:47:04.700  4562-4612  HomeRepository          com.rpeters.cinefintv                D  getUserLibraries complete in 417ms
2026-05-17 17:47:04.720  4562-4610  HomeRepository          com.rpeters.cinefintv                D  getContinueWatching sdk response: count=24 in 423ms
2026-05-17 17:47:04.720  4562-4610  HomeRepository          com.rpeters.cinefintv                D  getContinueWatching cache write start: count=24
2026-05-17 17:47:04.729  4562-4609  HomeRepository          com.rpeters.cinefintv                D  getRecentlyAddedByType sdk response: type=Episode count=12 in 429ms
2026-05-17 17:47:04.730  4562-4609  HomeRepository          com.rpeters.cinefintv                D  getRecentlyAddedByType cache write start: type=Episode count=12
2026-05-17 17:47:04.769  4562-4614  JellyfinCache           com.rpeters.cinefintv                D  Cached 12 items with key: recently_added_movies
2026-05-17 17:47:04.770  4562-4614  HomeRepository          com.rpeters.cinefintv                D  getRecentlyAddedByType cache write complete: type=Movie in 75ms
2026-05-17 17:47:04.773  4562-4614  HomeRepository          com.rpeters.cinefintv                D  getRecentlyAddedByType complete: type=Movie in 483ms
2026-05-17 17:47:04.799  4562-4609  JellyfinCache           com.rpeters.cinefintv                D  Cached 12 items with key: recently_added_episodes
2026-05-17 17:47:04.800  4562-4609  HomeRepository          com.rpeters.cinefintv                D  getRecentlyAddedByType cache write complete: type=Episode in 70ms
2026-05-17 17:47:04.800  4562-4609  HomeRepository          com.rpeters.cinefintv                D  getRecentlyAddedByType complete: type=Episode in 502ms
2026-05-17 17:47:04.807  4562-4562  AppStartup              com.rpeters.cinefintv                D  MainActivity auth state: restored=true connected=true currentServerPresent=true
2026-05-17 17:47:04.828  4562-4572  HWUI                    com.rpeters.cinefintv                I  Davey! duration=1383ms; Flags=1, FrameTimelineVsyncId=53322, IntendedVsync=1608166758478, Vsync=1608166758478, InputEventId=0, HandleInputStart=1608171201800, AnimationStart=1608171236600, PerformTraversalsStart=1608171346100, DrawStart=1609401191700, FrameDeadline=1608183425144, FrameStartTime=1608171176500, FrameInterval=16666666, WorkloadTarget=16666666, SyncQueued=1609450000000, SyncStart=1609450735700, IssueDrawCommandsStart=1609451287500, SwapBuffers=1609540481100, FrameCompleted=1609550895800, DequeueBufferDuration=30500, QueueBufferDuration=711200, GpuCompleted=1609550895800, SwapBuffersCompleted=1609546078100, DisplayPresentTime=0, CommandSubmissionCompleted=1609540481100, 
2026-05-17 17:47:04.874  4562-4614  OkHttp                  com.rpeters.cinefintv                I  --> GET https://raw.githubusercontent.com/rpeters1430/CinefinTV/main/updates/version.json
2026-05-17 17:47:04.874  4562-4614  OkHttp                  com.rpeters.cinefintv                I  --> END GET
2026-05-17 17:47:04.875  4562-4609  HomeRepository          com.rpeters.cinefintv                D  getRecentlyAddedByType sdk response: type=Audio count=0 in 571ms
2026-05-17 17:47:04.875  4562-4609  HomeRepository          com.rpeters.cinefintv                D  getRecentlyAddedByType no cache configured: type=Audio
2026-05-17 17:47:04.875  4562-4609  HomeRepository          com.rpeters.cinefintv                D  getRecentlyAddedByType complete: type=Audio in 574ms
2026-05-17 17:47:04.882  4562-4562  Choreographer           com.rpeters.cinefintv                I  Skipped 78 frames!  The application may be doing too much work on its main thread.
2026-05-17 17:47:04.887  4562-4562  eters.cinefintv         com.rpeters.cinefintv                I  hiddenapi: Accessing hidden method Landroid/view/ViewTreeObserver;->dispatchOnScrollChanged()V (runtime_flags=0, domain=platform, api=unsupported) from Landroidx/compose/ui/platform/AndroidComposeView$Companion; (domain=app) using reflection: allowed
2026-05-17 17:47:04.897  4562-4610  JellyfinCache           com.rpeters.cinefintv                D  Cached 24 items with key: continue_watching
2026-05-17 17:47:04.899  4562-4610  HomeRepository          com.rpeters.cinefintv                D  getContinueWatching cache write complete in 178ms
2026-05-17 17:47:04.902  4562-4610  HomeRepository          com.rpeters.cinefintv                D  getContinueWatching complete in 618ms
2026-05-17 17:47:05.098  4562-4588  HomeRepository          com.rpeters.cinefintv                D  getNextUp sdk response: count=12 in 810ms
2026-05-17 17:47:05.099  4562-4588  HomeRepository          com.rpeters.cinefintv                D  getNextUp cache write start: count=12
2026-05-17 17:47:05.298  4562-4614  PinningTrustManager     com.rpeters.cinefintv                D  Validating certificate for hostname: raw.githubusercontent.com
2026-05-17 17:47:05.298  4562-4614  eters.cinefintv         com.rpeters.cinefintv                I  hiddenapi: Accessing hidden method Landroid/security/net/config/RootTrustManager;->checkServerTrusted([Ljava/security/cert/X509Certificate;Ljava/lang/String;Ljava/lang/String;)Ljava/util/List; (runtime_flags=0, domain=platform, api=unsupported) from Lcom/rpeters/cinefintv/data/security/PinningTrustManager; (domain=app) using reflection: allowed
2026-05-17 17:47:05.340  4562-4614  Certificat...ingManager com.rpeters.cinefintv                D  Stored certificate pin for raw.githubusercontent.com (backups=1, expires=1786841225322)
2026-05-17 17:47:05.340  4562-4614  PinningTrustManager     com.rpeters.cinefintv                D  Certificate pin validated successfully for raw.githubusercontent.com
2026-05-17 17:47:05.342  4562-4614  PinningHostnameVerifier com.rpeters.cinefintv                D  Hostname verification for raw.githubusercontent.com: true
2026-05-17 17:47:05.366  4562-4614  NetworkStateInterceptor com.rpeters.cinefintv                D  Request to raw.githubusercontent.com via ETHERNET
2026-05-17 17:47:05.496  4562-4562  Choreographer           com.rpeters.cinefintv                I  Skipped 36 frames!  The application may be doing too much work on its main thread.
2026-05-17 17:47:05.515  4562-4562  HomeStartup             com.rpeters.cinefintv                D  HomeViewModel init: state=Loading
2026-05-17 17:47:05.517  4562-4588  HomeStartup             com.rpeters.cinefintv                D  Cache load start
2026-05-17 17:47:05.519  4562-4589  JellyfinCache           com.rpeters.cinefintv                D  Memory cache hit for key: libraries
2026-05-17 17:47:05.520  4562-4589  HomeStartup             com.rpeters.cinefintv                D  Cache libraries returned: count=4
2026-05-17 17:47:05.545  4562-4613  JellyfinCache           com.rpeters.cinefintv                D  Memory cache hit for key: continue_watching
2026-05-17 17:47:05.546  4562-4589  HomeStartup             com.rpeters.cinefintv                D  Publishing cached libraries immediately: count=3
2026-05-17 17:47:05.546  4562-4589  RepositoryUtils         com.rpeters.cinefintv                D  [VERBOSE] validateServer: Server validation passed for user rpeters1428 on https://rpeters1428.huron.usbx.me/jellyfin
2026-05-17 17:47:05.546  4562-4588  JellyfinCache           com.rpeters.cinefintv                D  Memory cache hit for key: recently_added_episodes
2026-05-17 17:47:05.547  4562-4589  RepositoryUtils         com.rpeters.cinefintv                D  [VERBOSE] validateServer: Server validation passed for user rpeters1428 on https://rpeters1428.huron.usbx.me/jellyfin
2026-05-17 17:47:05.547  4562-4562  HomeStartup             com.rpeters.cinefintv                D  Subscribing to currentServer; restored=true
2026-05-17 17:47:05.549  4562-4589  RepositoryUtils         com.rpeters.cinefintv                D  [VERBOSE] validateServer: Server validation passed for user rpeters1428 on https://rpeters1428.huron.usbx.me/jellyfin
2026-05-17 17:47:05.550  4562-4589  RepositoryUtils         com.rpeters.cinefintv                D  [VERBOSE] validateServer: Server validation passed for user rpeters1428 on https://rpeters1428.huron.usbx.me/jellyfin
2026-05-17 17:47:05.554  4562-4562  HomeStartup             com.rpeters.cinefintv                D  currentServer emission: server=present(urlHash=-427598321, userIdPresent=true, tokenPresent=true) restored=true ui=Loading
2026-05-17 17:47:05.554  4562-4562  HomeStartup             com.rpeters.cinefintv                D  Server available; starting cold refresh
2026-05-17 17:47:05.554  4562-4562  HomeStartup             com.rpeters.cinefintv                D  refresh#1 requested: silent=true forceRefresh=true ui=Loading server=present(urlHash=-427598321, userIdPresent=true, tokenPresent=true)
2026-05-17 17:47:05.554  4562-4611  JellyfinCache           com.rpeters.cinefintv                D  Memory cache hit for key: recently_added_movies
2026-05-17 17:47:05.555  4562-4562  HomeStartup             com.rpeters.cinefintv                D  refresh#1 acquired mutex after 0ms
2026-05-17 17:47:05.555  4562-4562  HomeStartup             com.rpeters.cinefintv                D  refresh#1 set Loading; silent=true hasContent=false
2026-05-17 17:47:05.555  4562-4589  RepositoryUtils         com.rpeters.cinefintv                D  [VERBOSE] validateServer: Server validation passed for user rpeters1428 on https://rpeters1428.huron.usbx.me/jellyfin
2026-05-17 17:47:05.556  4562-4589  RepositoryUtils         com.rpeters.cinefintv                D  [VERBOSE] validateServer: Server validation passed for user rpeters1428 on https://rpeters1428.huron.usbx.me/jellyfin
2026-05-17 17:47:05.558  4562-4562  HomeStartup             com.rpeters.cinefintv                D  refresh#1 libraries fetch start
2026-05-17 17:47:05.558  4562-4562  HomeRepository          com.rpeters.cinefintv                D  getUserLibraries start: forceRefresh=true
2026-05-17 17:47:05.558  4562-4562  HomeStartup             com.rpeters.cinefintv                D  refresh#1 continueWatching fetch start
2026-05-17 17:47:05.558  4562-4562  HomeRepository          com.rpeters.cinefintv                D  getContinueWatching start: limit=24 forceRefresh=true
2026-05-17 17:47:05.559  4562-4588  RepositoryUtils         com.rpeters.cinefintv                D  [VERBOSE] validateServer: Server validation passed for user rpeters1428 on https://rpeters1428.huron.usbx.me/jellyfin
2026-05-17 17:47:05.559  4562-4588  HomeRepository          com.rpeters.cinefintv                D  getUserLibraries sdk request start
2026-05-17 17:47:05.559  4562-4609  RepositoryUtils         com.rpeters.cinefintv                D  [VERBOSE] validateServer: Server validation passed for user rpeters1428 on https://rpeters1428.huron.usbx.me/jellyfin
2026-05-17 17:47:05.559  4562-4609  HomeRepository          com.rpeters.cinefintv                D  getContinueWatching sdk request start
2026-05-17 17:47:05.563  4562-4589  HomeStartup             com.rpeters.cinefintv                D  UI state updated with cached libraries: Content(featured=0, sections=[LIBRARIES:3])
2026-05-17 17:47:05.563  4562-4589  HomeStartup             com.rpeters.cinefintv                D  Cache load complete in 47ms: libraries=4 continue=24 nextUp=0 movies=12 episodes=12
2026-05-17 17:47:05.564  4562-4609  OkHttpClient            com.rpeters.cinefintv                I  GET https://rpeters1428.huron.usbx.me/jellyfin/Items?userId=c1b3b2bb-8e62-45b6-a7c4-f6645be8423a&limit=24&recursive=true&sortOrder=Descending&includeItemTypes=Movie&includeItemTypes=Episode&includeItemTypes=Video&filters=IsResumable&sortBy=DatePlayed&enableTotalRecordCount=true&enableImages=true
2026-05-17 17:47:05.565  4562-4611  RepositoryUtils         com.rpeters.cinefintv                D  [VERBOSE] validateServer: Server validation passed for user rpeters1428 on https://rpeters1428.huron.usbx.me/jellyfin
2026-05-17 17:47:05.565  4562-4611  RepositoryUtils         com.rpeters.cinefintv                D  [VERBOSE] validateServer: Server validation passed for user rpeters1428 on https://rpeters1428.huron.usbx.me/jellyfin
2026-05-17 17:47:05.566  4562-4588  OkHttpClient            com.rpeters.cinefintv                I  GET https://rpeters1428.huron.usbx.me/jellyfin/Items?userId=c1b3b2bb-8e62-45b6-a7c4-f6645be8423a&includeItemTypes=CollectionFolder&includeItemTypes=UserView&enableTotalRecordCount=true&enableImages=true
2026-05-17 17:47:05.566  4562-4611  RepositoryUtils         com.rpeters.cinefintv                D  [VERBOSE] validateServer: Server validation passed for user rpeters1428 on https://rpeters1428.huron.usbx.me/jellyfin
2026-05-17 17:47:05.567  4562-4611  RepositoryUtils         com.rpeters.cinefintv                D  [VERBOSE] validateServer: Server validation passed for user rpeters1428 on https://rpeters1428.huron.usbx.me/jellyfin
2026-05-17 17:47:05.568  4562-4611  RepositoryUtils         com.rpeters.cinefintv                D  [VERBOSE] validateServer: Server validation passed for user rpeters1428 on https://rpeters1428.huron.usbx.me/jellyfin
2026-05-17 17:47:05.568  4562-4562  HomeStartup             com.rpeters.cinefintv                D  refresh#1 nextUp fetch start
2026-05-17 17:47:05.569  4562-4562  HomeRepository          com.rpeters.cinefintv                D  getNextUp start: limit=12 forceRefresh=true
2026-05-17 17:47:05.569  4562-4611  RepositoryUtils         com.rpeters.cinefintv                D  [VERBOSE] validateServer: Server validation passed for user rpeters1428 on https://rpeters1428.huron.usbx.me/jellyfin
2026-05-17 17:47:05.570  4562-4611  RepositoryUtils         com.rpeters.cinefintv                D  [VERBOSE] validateServer: Server validation passed for user rpeters1428 on https://rpeters1428.huron.usbx.me/jellyfin
2026-05-17 17:47:05.572  4562-4562  HomeStartup             com.rpeters.cinefintv                D  refresh#1 movies fetch start
2026-05-17 17:47:05.572  4562-4562  HomeRepository          com.rpeters.cinefintv                D  getRecentlyAddedByType start: type=Movie limit=12 forceRefresh=true
2026-05-17 17:47:05.573  4562-4589  RepositoryUtils         com.rpeters.cinefintv                D  [VERBOSE] validateServer: Server validation passed for user rpeters1428 on https://rpeters1428.huron.usbx.me/jellyfin
2026-05-17 17:47:05.573  4562-4589  HomeRepository          com.rpeters.cinefintv                D  getNextUp sdk request start
2026-05-17 17:47:05.574  4562-4562  HomeStartup             com.rpeters.cinefintv                D  refresh#1 episodes fetch start
2026-05-17 17:47:05.575  4562-4610  RepositoryUtils         com.rpeters.cinefintv                D  [VERBOSE] validateServer: Server validation passed for user rpeters1428 on https://rpeters1428.huron.usbx.me/jellyfin
2026-05-17 17:47:05.575  4562-4610  HomeRepository          com.rpeters.cinefintv                D  getRecentlyAddedByType sdk request start: type=Movie
2026-05-17 17:47:05.575  4562-4562  HomeRepository          com.rpeters.cinefintv                D  getRecentlyAddedByType start: type=Episode limit=12 forceRefresh=true
2026-05-17 17:47:05.576  4562-4609  RepositoryUtils         com.rpeters.cinefintv                D  [VERBOSE] validateServer: Server validation passed for user rpeters1428 on https://rpeters1428.huron.usbx.me/jellyfin
2026-05-17 17:47:05.577  4562-4609  HomeRepository          com.rpeters.cinefintv                D  getRecentlyAddedByType sdk request start: type=Episode
2026-05-17 17:47:05.577  4562-4562  HomeStartup             com.rpeters.cinefintv                D  refresh#1 videos fetch start
2026-05-17 17:47:05.578  4562-4562  HomeRepository          com.rpeters.cinefintv                D  getRecentlyAddedByType start: type=Video limit=12 forceRefresh=true
2026-05-17 17:47:05.579  4562-4610  OkHttpClient            com.rpeters.cinefintv                I  GET https://rpeters1428.huron.usbx.me/jellyfin/Items?userId=c1b3b2bb-8e62-45b6-a7c4-f6645be8423a&limit=12&recursive=true&sortOrder=Descending&includeItemTypes=Movie&sortBy=DateCreated&enableTotalRecordCount=true&enableImages=true
2026-05-17 17:47:05.580  4562-4613  RepositoryUtils         com.rpeters.cinefintv                D  [VERBOSE] validateServer: Server validation passed for user rpeters1428 on https://rpeters1428.huron.usbx.me/jellyfin
2026-05-17 17:47:05.580  4562-4613  HomeRepository          com.rpeters.cinefintv                D  getRecentlyAddedByType sdk request start: type=Video
2026-05-17 17:47:05.582  4562-4609  OkHttpClient            com.rpeters.cinefintv                I  GET https://rpeters1428.huron.usbx.me/jellyfin/Items?userId=c1b3b2bb-8e62-45b6-a7c4-f6645be8423a&limit=12&recursive=true&sortOrder=Descending&includeItemTypes=Episode&sortBy=DateCreated&enableTotalRecordCount=true&enableImages=true
2026-05-17 17:47:05.585  4562-4613  OkHttpClient            com.rpeters.cinefintv                I  GET https://rpeters1428.huron.usbx.me/jellyfin/Items?userId=c1b3b2bb-8e62-45b6-a7c4-f6645be8423a&limit=12&recursive=true&sortOrder=Descending&includeItemTypes=Video&sortBy=DateCreated&enableTotalRecordCount=true&enableImages=true
2026-05-17 17:47:05.590  4562-4562  HomeStartup             com.rpeters.cinefintv                D  refresh#1 music fetch start
2026-05-17 17:47:05.591  4562-4611  RepositoryUtils         com.rpeters.cinefintv                D  [VERBOSE] validateServer: Server validation passed for user rpeters1428 on https://rpeters1428.huron.usbx.me/jellyfin
